2026-09-22 14:59:30,058 - WARNING - findfont: Font family ['Noto Sans CJK SC'] not found. Falling back to DejaVu Sans.
2026-09-22 14:59:30,059 - INFO - Matplotlib 字体设置：使用回退字体列表，首选可用字体: Noto Sans CJK SC
2026-09-22 14:59:30,561 - WARNING - 使用指定 ChromeDriver 失败 (/usr/bin/chromedriver): Message: Service /usr/bin/chromedriver unexpectedly exited. Status code was: 1
，尝试使用 Selenium Manager 自动管理驱动
2026-09-22 14:59:40,377 - INFO - 已切换为 Selenium Manager 自动管理的 ChromeDriver
2026-09-22 14:59:40,444 - INFO - ddddocr 识别器初始化成功
2026-09-22 14:59:40,547 - INFO - captcha-recognizer 滑块识别模型初始化成功
2026-09-22 14:59:40,548 - INFO - 开始南京大学电费监控流程（自动无头模式）
2026-09-22 14:59:40,548 - INFO - 已初始化并清空验证码图片目录: /home/runner/work/nju_electric_monitor/nju_electric_monitor/src/../data/captcha_workflow
2026-09-22 14:59:40,548 - INFO - 正在打开页面: https://epay.nju.edu.cn/epay/h5/nju/electric/index
2026-09-22 14:59:49,294 - INFO - 等待登录表单加载...
2026-09-22 14:59:50,780 - INFO - 登录表单已加载
2026-09-22 14:59:50,780 - INFO - 开始填写登录表单...
2026-09-22 14:59:50,938 - INFO - 用户名填写完成
2026-09-22 14:59:51,020 - INFO - 密码填写完成
2026-09-22 14:59:51,058 - INFO - 未检测到任何验证方式
2026-09-22 14:59:51,058 - INFO - 登录前验证方式检测: none
2026-09-22 14:59:51,058 - INFO - 未检测到传统验证码，点击登录按钮...
2026-09-22 14:59:51,058 - INFO - 查找并点击登录按钮...
2026-09-22 14:59:51,088 - INFO - 通过 ID=login_submit 找到登录按钮
2026-09-22 14:59:51,144 - INFO - 已点击登录按钮
2026-09-22 14:59:58,166 - INFO - 检测到滑块验证（sliderDiv）
2026-09-22 14:59:58,166 - INFO - 登录后验证方式检测: slider
2026-09-22 14:59:58,166 - INFO - 开始处理滑块验证...
2026-09-22 14:59:59,678 - INFO - 滑块验证第 1/3 轮尝试
2026-09-22 15:00:00,036 - INFO - 滑块缺口 box=[109,51,149,89], confidence=0.959, 截图=278px, DOM=278px, 缩放=1.00x, 拖拽偏移=109px
2026-09-22 15:00:00,037 - INFO - 滑块拖拽尝试 1/2 (偏移=109px)
2026-09-22 15:00:20,611 - INFO - 滑块验证通过（sliderDiv 元素不存在）
2026-09-22 15:00:20,611 - INFO - 滑块验证第 1 轮成功
2026-09-22 15:00:20,611 - INFO - 等待登录成功...
2026-09-22 15:00:20,620 - INFO - 检测到已跳转到电费页面: https://epay.nju.edu.cn/epay/h5/nju/electric/index
2026-09-22 15:00:20,620 - INFO - 查找'去充值'按钮...
2026-09-22 15:00:20,659 - INFO - 通过文本包含 '去充值' 找到充值按钮
2026-09-22 15:00:22,719 - INFO - 已点击充值按钮
2026-09-22 15:00:25,720 - INFO - 开始提取剩余电量信息...
2026-09-22 15:00:25,735 - INFO - 找到电量信息元素（已省略具体文本以保护隐私）
2026-09-22 15:00:25,735 - WARNING - 未在元素中找到标准格式的电量信息
2026-09-22 15:00:25,744 - INFO - 找到 i 标签中的电量信息（已省略具体文本）
2026-09-22 15:00:25,744 - WARNING - i标签中未找到标准格式的电量信息
2026-09-22 15:00:25,744 - WARNING - 未找到i标签中的电量信息
2026-09-22 15:00:25,747 - INFO - 在页面源码中查找电量信息...
2026-09-22 15:00:25,747 - INFO - 从页面源码中提取到剩余电量: 107.11 度
2026-09-22 15:00:25,764 - INFO - 数据已保存: 107.11 度
2026-09-22 15:00:25,792 - WARNING - findfont: Font family 'Noto Sans CJK SC' not found.
2026-09-22 15:00:25,793 - WARNING - findfont: Font family 'Noto Sans CJK SC' not found.
2026-09-22 15:00:25,807 - WARNING - findfont: Font family 'Noto Sans CJK SC' not found.
2026-09-22 15:00:25,807 - WARNING - findfont: Font family 'Noto Sans CJK SC' not found.
2026-09-22 15:00:25,812 - WARNING - findfont: Font family 'Noto Sans CJK SC' not found.
2026-09-22 15:00:25,813 - WARNING - findfont: Font family 'Noto Sans CJK SC' not found.
2026-09-22 15:00:25,814 - WARNING - findfont: Font family 'Noto Sans CJK SC' not found.
2026-09-22 15:00:25,815 - WARNING - findfont: Font family 'Noto Sans CJK SC' not found.
2026-09-22 15:00:25,822 - WARNING - findfont: Font family 'Noto Sans CJK SC' not found.
2026-09-22 15:00:25,825 - WARNING - findfont: Font family 'Noto Sans CJK SC' not found.
2026-09-22 15:00:25,828 - WARNING - findfont: Font family 'Noto Sans CJK SC' not found.
2026-09-22 15:00:25,829 - WARNING - findfont: Font family 'Noto Sans CJK SC' not found.
2026-09-22 15:00:25,829 - WARNING - findfont: Font family 'Noto Sans CJK SC' not found.
2026-09-22 15:00:25,835 - WARNING - findfont: Font family 'Noto Sans CJK SC' not found.
2026-09-22 15:00:25,835 - WARNING - findfont: Font family 'Noto Sans CJK SC' not found.
2026-09-22 15:00:25,842 - WARNING - findfont: Font family 'Noto Sans CJK SC' not found.
2026-09-22 15:00:25,847 - WARNING - findfont: Font family 'Noto Sans CJK SC' not found.
2026-09-22 15:00:25,848 - WARNING - findfont: Font family 'Noto Sans CJK SC' not found.
2026-09-22 15:00:25,852 - WARNING - findfont: Font family 'Noto Sans CJK SC' not found.
2026-09-22 15:00:25,855 - WARNING - findfont: Font family 'Noto Sans CJK SC' not found.
2026-09-22 15:00:25,858 - WARNING - findfont: Font family 'Noto Sans CJK SC' not found.
2026-09-22 15:00:25,858 - WARNING - findfont: Font family 'Noto Sans CJK SC' not found.
2026-09-22 15:00:25,859 - WARNING - findfont: Font family 'Noto Sans CJK SC' not found.
2026-09-22 15:00:25,867 - WARNING - findfont: Font family 'Noto Sans CJK SC' not found.
2026-09-22 15:00:25,868 - WARNING - findfont: Font family 'Noto Sans CJK SC' not found.
2026-09-22 15:00:25,869 - WARNING - findfont: Font family 'Noto Sans CJK SC' not found.
2026-09-22 15:00:25,870 - WARNING - findfont: Font family 'Noto Sans CJK SC' not found.
2026-09-22 15:00:25,895 - WARNING - findfont: Font family 'Noto Sans CJK SC' not found.
2026-09-22 15:00:25,895 - WARNING - findfont: Font family 'Noto Sans CJK SC' not found.
2026-09-22 15:00:25,896 - WARNING - findfont: Font family 'Noto Sans CJK SC' not found.
2026-09-22 15:00:25,908 - WARNING - findfont: Font family 'Noto Sans CJK SC' not found.
2026-09-22 15:00:25,908 - WARNING - findfont: Font family 'Noto Sans CJK SC' not found.
2026-09-22 15:00:25,915 - WARNING - findfont: Font family 'Noto Sans CJK SC' not found.
2026-09-22 15:00:25,915 - WARNING - findfont: Font family 'Noto Sans CJK SC' not found.
2026-09-22 15:00:25,981 - WARNING - findfont: Font family 'Noto Sans CJK SC' not found.
2026-09-22 15:00:25,982 - WARNING - findfont: Font family 'Noto Sans CJK SC' not found.
2026-09-22 15:00:25,983 - WARNING - findfont: Font family 'Noto Sans CJK SC' not found.
2026-09-22 15:00:25,984 - WARNING - findfont: Font family 'Noto Sans CJK SC' not found.
2026-09-22 15:00:26,008 - WARNING - findfont: Font family 'Noto Sans CJK SC' not found.
2026-09-22 15:00:26,009 - WARNING - findfont: Font family 'Noto Sans CJK SC' not found.
2026-09-22 15:00:26,010 - WARNING - findfont: Font family 'Noto Sans CJK SC' not found.
2026-09-22 15:00:26,022 - WARNING - findfont: Font family 'Noto Sans CJK SC' not found.
2026-09-22 15:00:26,022 - WARNING - findfont: Font family 'Noto Sans CJK SC' not found.
2026-09-22 15:00:26,029 - WARNING - findfont: Font family 'Noto Sans CJK SC' not found.
2026-09-22 15:00:26,029 - WARNING - findfont: Font family 'Noto Sans CJK SC' not found.
2026-09-22 15:00:26,032 - INFO - 电量变化曲线图已保存到: /home/runner/work/nju_electric_monitor/nju_electric_monitor/src/../data/electricity_trend.png
2026-09-22 15:00:26,270 - INFO - 最近20次电量变化曲线图已保存到: /home/runner/work/nju_electric_monitor/nju_electric_monitor/src/../data/recent_20_changes.png
2026-09-22 15:00:26,270 - INFO - 当前剩余电量 107.11 度，高于告警阈值 15.0 度，不发送邮件
2026-09-22 15:00:26,270 - INFO - 监控流程完成
