2026-09-16 20:08:07,175 - WARNING - findfont: Font family ['Noto Sans CJK SC'] not found. Falling back to DejaVu Sans.
2026-09-16 20:08:07,176 - INFO - Matplotlib 字体设置：使用回退字体列表，首选可用字体: Noto Sans CJK SC
2026-09-16 20:08:09,469 - INFO - 使用指定 ChromeDriver: /usr/bin/chromedriver
2026-09-16 20:08:09,584 - INFO - ddddocr 识别器初始化成功
2026-09-16 20:08:09,790 - INFO - captcha-recognizer 滑块识别模型初始化成功
2026-09-16 20:08:09,790 - INFO - 开始南京大学电费监控流程（自动无头模式）
2026-09-16 20:08:09,790 - INFO - 已初始化并清空验证码图片目录: /home/runner/work/nju_electric_monitor/nju_electric_monitor/src/../data/captcha_workflow
2026-09-16 20:08:09,790 - INFO - 正在打开页面: https://epay.nju.edu.cn/epay/h5/nju/electric/index
2026-09-16 20:08:25,943 - INFO - 等待登录表单加载...
2026-09-16 20:08:25,953 - INFO - 登录表单已加载
2026-09-16 20:08:25,953 - INFO - 开始填写登录表单...
2026-09-16 20:08:26,032 - INFO - 用户名填写完成
2026-09-16 20:08:26,103 - INFO - 密码填写完成
2026-09-16 20:08:26,137 - INFO - 未检测到任何验证方式
2026-09-16 20:08:26,137 - INFO - 登录前验证方式检测: none
2026-09-16 20:08:26,137 - INFO - 未检测到传统验证码，点击登录按钮...
2026-09-16 20:08:26,137 - INFO - 查找并点击登录按钮...
2026-09-16 20:08:26,158 - INFO - 通过 ID=login_submit 找到登录按钮
2026-09-16 20:08:26,205 - INFO - 已点击登录按钮
2026-09-16 20:08:33,234 - INFO - 检测到滑块验证（sliderDiv）
2026-09-16 20:08:33,234 - INFO - 登录后验证方式检测: slider
2026-09-16 20:08:33,234 - INFO - 开始处理滑块验证...
2026-09-16 20:08:34,749 - INFO - 滑块验证第 1/3 轮尝试
2026-09-16 20:08:35,103 - INFO - 滑块缺口 box=[135,67,179,105], confidence=0.956, 截图=278px, DOM=278px, 缩放=1.00x, 拖拽偏移=135px
2026-09-16 20:08:35,103 - INFO - 滑块拖拽尝试 1/2 (偏移=135px)
2026-09-16 20:08:55,402 - INFO - 滑块验证通过（sliderDiv 元素不存在）
2026-09-16 20:08:55,402 - INFO - 滑块验证第 1 轮成功
2026-09-16 20:08:55,402 - INFO - 等待登录成功...
2026-09-16 20:08:55,414 - INFO - 检测到已跳转到电费页面: https://epay.nju.edu.cn/epay/h5/nju/electric/index
2026-09-16 20:08:55,414 - INFO - 查找'去充值'按钮...
2026-09-16 20:08:55,435 - INFO - 通过文本包含 '去充值' 找到充值按钮
2026-09-16 20:08:57,176 - INFO - 已点击充值按钮
2026-09-16 20:09:00,176 - INFO - 开始提取剩余电量信息...
2026-09-16 20:09:00,194 - INFO - 找到电量信息元素（已省略具体文本以保护隐私）
2026-09-16 20:09:00,194 - WARNING - 未在元素中找到标准格式的电量信息
2026-09-16 20:09:00,207 - INFO - 找到 i 标签中的电量信息（已省略具体文本）
2026-09-16 20:09:00,207 - WARNING - i标签中未找到标准格式的电量信息
2026-09-16 20:09:00,207 - WARNING - 未找到i标签中的电量信息
2026-09-16 20:09:00,211 - INFO - 在页面源码中查找电量信息...
2026-09-16 20:09:00,211 - INFO - 从页面源码中提取到剩余电量: 88.75 度
2026-09-16 20:09:00,229 - INFO - 数据已保存: 88.75 度
2026-09-16 20:09:00,258 - WARNING - findfont: Font family 'Noto Sans CJK SC' not found.
2026-09-16 20:09:00,259 - WARNING - findfont: Font family 'Noto Sans CJK SC' not found.
2026-09-16 20:09:00,274 - WARNING - findfont: Font family 'Noto Sans CJK SC' not found.
2026-09-16 20:09:00,274 - WARNING - findfont: Font family 'Noto Sans CJK SC' not found.
2026-09-16 20:09:00,280 - WARNING - findfont: Font family 'Noto Sans CJK SC' not found.
2026-09-16 20:09:00,281 - WARNING - findfont: Font family 'Noto Sans CJK SC' not found.
2026-09-16 20:09:00,282 - WARNING - findfont: Font family 'Noto Sans CJK SC' not found.
2026-09-16 20:09:00,284 - WARNING - findfont: Font family 'Noto Sans CJK SC' not found.
2026-09-16 20:09:00,291 - WARNING - findfont: Font family 'Noto Sans CJK SC' not found.
2026-09-16 20:09:00,296 - WARNING - findfont: Font family 'Noto Sans CJK SC' not found.
2026-09-16 20:09:00,299 - WARNING - findfont: Font family 'Noto Sans CJK SC' not found.
2026-09-16 20:09:00,300 - WARNING - findfont: Font family 'Noto Sans CJK SC' not found.
2026-09-16 20:09:00,300 - WARNING - findfont: Font family 'Noto Sans CJK SC' not found.
2026-09-16 20:09:00,307 - WARNING - findfont: Font family 'Noto Sans CJK SC' not found.
2026-09-16 20:09:00,307 - WARNING - findfont: Font family 'Noto Sans CJK SC' not found.
2026-09-16 20:09:00,315 - WARNING - findfont: Font family 'Noto Sans CJK SC' not found.
2026-09-16 20:09:00,322 - WARNING - findfont: Font family 'Noto Sans CJK SC' not found.
2026-09-16 20:09:00,322 - WARNING - findfont: Font family 'Noto Sans CJK SC' not found.
2026-09-16 20:09:00,327 - WARNING - findfont: Font family 'Noto Sans CJK SC' not found.
2026-09-16 20:09:00,331 - WARNING - findfont: Font family 'Noto Sans CJK SC' not found.
2026-09-16 20:09:00,335 - WARNING - findfont: Font family 'Noto Sans CJK SC' not found.
2026-09-16 20:09:00,335 - WARNING - findfont: Font family 'Noto Sans CJK SC' not found.
2026-09-16 20:09:00,335 - WARNING - findfont: Font family 'Noto Sans CJK SC' not found.
2026-09-16 20:09:00,345 - WARNING - findfont: Font family 'Noto Sans CJK SC' not found.
2026-09-16 20:09:00,345 - WARNING - findfont: Font family 'Noto Sans CJK SC' not found.
2026-09-16 20:09:00,347 - WARNING - findfont: Font family 'Noto Sans CJK SC' not found.
2026-09-16 20:09:00,347 - WARNING - findfont: Font family 'Noto Sans CJK SC' not found.
2026-09-16 20:09:00,375 - WARNING - findfont: Font family 'Noto Sans CJK SC' not found.
2026-09-16 20:09:00,375 - WARNING - findfont: Font family 'Noto Sans CJK SC' not found.
2026-09-16 20:09:00,376 - WARNING - findfont: Font family 'Noto Sans CJK SC' not found.
2026-09-16 20:09:00,390 - WARNING - findfont: Font family 'Noto Sans CJK SC' not found.
2026-09-16 20:09:00,390 - WARNING - findfont: Font family 'Noto Sans CJK SC' not found.
2026-09-16 20:09:00,398 - WARNING - findfont: Font family 'Noto Sans CJK SC' not found.
2026-09-16 20:09:00,398 - WARNING - findfont: Font family 'Noto Sans CJK SC' not found.
2026-09-16 20:09:00,471 - WARNING - findfont: Font family 'Noto Sans CJK SC' not found.
2026-09-16 20:09:00,471 - WARNING - findfont: Font family 'Noto Sans CJK SC' not found.
2026-09-16 20:09:00,473 - WARNING - findfont: Font family 'Noto Sans CJK SC' not found.
2026-09-16 20:09:00,473 - WARNING - findfont: Font family 'Noto Sans CJK SC' not found.
2026-09-16 20:09:00,500 - WARNING - findfont: Font family 'Noto Sans CJK SC' not found.
2026-09-16 20:09:00,500 - WARNING - findfont: Font family 'Noto Sans CJK SC' not found.
2026-09-16 20:09:00,501 - WARNING - findfont: Font family 'Noto Sans CJK SC' not found.
2026-09-16 20:09:00,514 - WARNING - findfont: Font family 'Noto Sans CJK SC' not found.
2026-09-16 20:09:00,515 - WARNING - findfont: Font family 'Noto Sans CJK SC' not found.
2026-09-16 20:09:00,522 - WARNING - findfont: Font family 'Noto Sans CJK SC' not found.
2026-09-16 20:09:00,523 - WARNING - findfont: Font family 'Noto Sans CJK SC' not found.
2026-09-16 20:09:00,525 - INFO - 电量变化曲线图已保存到: /home/runner/work/nju_electric_monitor/nju_electric_monitor/src/../data/electricity_trend.png
2026-09-16 20:09:00,804 - INFO - 最近20次电量变化曲线图已保存到: /home/runner/work/nju_electric_monitor/nju_electric_monitor/src/../data/recent_20_changes.png
2026-09-16 20:09:00,804 - INFO - 当前剩余电量 88.75 度，高于告警阈值 15.0 度，不发送邮件
2026-09-16 20:09:00,804 - INFO - 监控流程完成
