2026-09-15 19:00:43,142 - WARNING - findfont: Font family ['Noto Sans CJK SC'] not found. Falling back to DejaVu Sans.
2026-09-15 19:00:43,142 - INFO - Matplotlib 字体设置：使用回退字体列表，首选可用字体: Noto Sans CJK SC
2026-09-15 19:01:13,177 - WARNING - 使用指定 ChromeDriver 失败 (/usr/bin/chromedriver): Message: Can not connect to the Service /usr/bin/chromedriver
，尝试使用 Selenium Manager 自动管理驱动
2026-09-15 19:01:15,235 - INFO - 已切换为 Selenium Manager 自动管理的 ChromeDriver
2026-09-15 19:01:15,340 - INFO - ddddocr 识别器初始化成功
2026-09-15 19:01:15,451 - INFO - captcha-recognizer 滑块识别模型初始化成功
2026-09-15 19:01:15,451 - INFO - 开始南京大学电费监控流程（自动无头模式）
2026-09-15 19:01:15,452 - INFO - 已初始化并清空验证码图片目录: /home/runner/work/nju_electric_monitor/nju_electric_monitor/src/../data/captcha_workflow
2026-09-15 19:01:15,452 - INFO - 正在打开页面: https://epay.nju.edu.cn/epay/h5/nju/electric/index
2026-09-15 19:01:23,427 - INFO - 等待登录表单加载...
2026-09-15 19:01:23,849 - INFO - 登录表单已加载
2026-09-15 19:01:23,849 - INFO - 开始填写登录表单...
2026-09-15 19:01:23,934 - INFO - 用户名填写完成
2026-09-15 19:01:23,994 - INFO - 密码填写完成
2026-09-15 19:01:24,028 - INFO - 未检测到任何验证方式
2026-09-15 19:01:24,028 - INFO - 登录前验证方式检测: none
2026-09-15 19:01:24,028 - INFO - 未检测到传统验证码，点击登录按钮...
2026-09-15 19:01:24,028 - INFO - 查找并点击登录按钮...
2026-09-15 19:01:24,046 - INFO - 通过 ID=login_submit 找到登录按钮
2026-09-15 19:01:24,091 - INFO - 已点击登录按钮
2026-09-15 19:01:31,115 - INFO - 检测到滑块验证（sliderDiv）
2026-09-15 19:01:31,115 - INFO - 登录后验证方式检测: slider
2026-09-15 19:01:31,115 - INFO - 开始处理滑块验证...
2026-09-15 19:01:32,625 - INFO - 滑块验证第 1/3 轮尝试
2026-09-15 19:01:32,963 - INFO - 滑块缺口 box=[92,12,137,50], confidence=0.956, 截图=278px, DOM=278px, 缩放=1.00x, 拖拽偏移=92px
2026-09-15 19:01:32,963 - INFO - 滑块拖拽尝试 1/2 (偏移=92px)
2026-09-15 19:01:50,542 - INFO - 滑块验证通过（sliderDiv 元素不存在）
2026-09-15 19:01:50,542 - INFO - 滑块验证第 1 轮成功
2026-09-15 19:01:50,542 - INFO - 等待登录成功...
2026-09-15 19:01:50,551 - INFO - 检测到已跳转到电费页面: https://epay.nju.edu.cn/epay/h5/nju/electric/index
2026-09-15 19:01:50,551 - INFO - 查找'去充值'按钮...
2026-09-15 19:01:50,570 - INFO - 通过文本包含 '去充值' 找到充值按钮
2026-09-15 19:01:52,257 - INFO - 已点击充值按钮
2026-09-15 19:01:55,257 - INFO - 开始提取剩余电量信息...
2026-09-15 19:01:55,273 - INFO - 找到电量信息元素（已省略具体文本以保护隐私）
2026-09-15 19:01:55,273 - WARNING - 未在元素中找到标准格式的电量信息
2026-09-15 19:01:55,283 - INFO - 找到 i 标签中的电量信息（已省略具体文本）
2026-09-15 19:01:55,283 - WARNING - i标签中未找到标准格式的电量信息
2026-09-15 19:01:55,283 - WARNING - 未找到i标签中的电量信息
2026-09-15 19:01:55,286 - INFO - 在页面源码中查找电量信息...
2026-09-15 19:01:55,286 - INFO - 从页面源码中提取到剩余电量: 111.53 度
2026-09-15 19:01:55,303 - INFO - 数据已保存: 111.53 度
2026-09-15 19:01:55,332 - WARNING - findfont: Font family 'Noto Sans CJK SC' not found.
2026-09-15 19:01:55,332 - WARNING - findfont: Font family 'Noto Sans CJK SC' not found.
2026-09-15 19:01:55,348 - WARNING - findfont: Font family 'Noto Sans CJK SC' not found.
2026-09-15 19:01:55,348 - WARNING - findfont: Font family 'Noto Sans CJK SC' not found.
2026-09-15 19:01:55,353 - WARNING - findfont: Font family 'Noto Sans CJK SC' not found.
2026-09-15 19:01:55,354 - WARNING - findfont: Font family 'Noto Sans CJK SC' not found.
2026-09-15 19:01:55,355 - WARNING - findfont: Font family 'Noto Sans CJK SC' not found.
2026-09-15 19:01:55,357 - WARNING - findfont: Font family 'Noto Sans CJK SC' not found.
2026-09-15 19:01:55,364 - WARNING - findfont: Font family 'Noto Sans CJK SC' not found.
2026-09-15 19:01:55,368 - WARNING - findfont: Font family 'Noto Sans CJK SC' not found.
2026-09-15 19:01:55,372 - WARNING - findfont: Font family 'Noto Sans CJK SC' not found.
2026-09-15 19:01:55,372 - WARNING - findfont: Font family 'Noto Sans CJK SC' not found.
2026-09-15 19:01:55,373 - WARNING - findfont: Font family 'Noto Sans CJK SC' not found.
2026-09-15 19:01:55,379 - WARNING - findfont: Font family 'Noto Sans CJK SC' not found.
2026-09-15 19:01:55,379 - WARNING - findfont: Font family 'Noto Sans CJK SC' not found.
2026-09-15 19:01:55,387 - WARNING - findfont: Font family 'Noto Sans CJK SC' not found.
2026-09-15 19:01:55,393 - WARNING - findfont: Font family 'Noto Sans CJK SC' not found.
2026-09-15 19:01:55,394 - WARNING - findfont: Font family 'Noto Sans CJK SC' not found.
2026-09-15 19:01:55,399 - WARNING - findfont: Font family 'Noto Sans CJK SC' not found.
2026-09-15 19:01:55,403 - WARNING - findfont: Font family 'Noto Sans CJK SC' not found.
2026-09-15 19:01:55,406 - WARNING - findfont: Font family 'Noto Sans CJK SC' not found.
2026-09-15 19:01:55,407 - WARNING - findfont: Font family 'Noto Sans CJK SC' not found.
2026-09-15 19:01:55,407 - WARNING - findfont: Font family 'Noto Sans CJK SC' not found.
2026-09-15 19:01:55,416 - WARNING - findfont: Font family 'Noto Sans CJK SC' not found.
2026-09-15 19:01:55,416 - WARNING - findfont: Font family 'Noto Sans CJK SC' not found.
2026-09-15 19:01:55,418 - WARNING - findfont: Font family 'Noto Sans CJK SC' not found.
2026-09-15 19:01:55,418 - WARNING - findfont: Font family 'Noto Sans CJK SC' not found.
2026-09-15 19:01:55,444 - WARNING - findfont: Font family 'Noto Sans CJK SC' not found.
2026-09-15 19:01:55,444 - WARNING - findfont: Font family 'Noto Sans CJK SC' not found.
2026-09-15 19:01:55,445 - WARNING - findfont: Font family 'Noto Sans CJK SC' not found.
2026-09-15 19:01:55,457 - WARNING - findfont: Font family 'Noto Sans CJK SC' not found.
2026-09-15 19:01:55,458 - WARNING - findfont: Font family 'Noto Sans CJK SC' not found.
2026-09-15 19:01:55,465 - WARNING - findfont: Font family 'Noto Sans CJK SC' not found.
2026-09-15 19:01:55,465 - WARNING - findfont: Font family 'Noto Sans CJK SC' not found.
2026-09-15 19:01:55,535 - WARNING - findfont: Font family 'Noto Sans CJK SC' not found.
2026-09-15 19:01:55,535 - WARNING - findfont: Font family 'Noto Sans CJK SC' not found.
2026-09-15 19:01:55,536 - WARNING - findfont: Font family 'Noto Sans CJK SC' not found.
2026-09-15 19:01:55,537 - WARNING - findfont: Font family 'Noto Sans CJK SC' not found.
2026-09-15 19:01:55,562 - WARNING - findfont: Font family 'Noto Sans CJK SC' not found.
2026-09-15 19:01:55,562 - WARNING - findfont: Font family 'Noto Sans CJK SC' not found.
2026-09-15 19:01:55,563 - WARNING - findfont: Font family 'Noto Sans CJK SC' not found.
2026-09-15 19:01:55,576 - WARNING - findfont: Font family 'Noto Sans CJK SC' not found.
2026-09-15 19:01:55,576 - WARNING - findfont: Font family 'Noto Sans CJK SC' not found.
2026-09-15 19:01:55,583 - WARNING - findfont: Font family 'Noto Sans CJK SC' not found.
2026-09-15 19:01:55,584 - WARNING - findfont: Font family 'Noto Sans CJK SC' not found.
2026-09-15 19:01:55,586 - INFO - 电量变化曲线图已保存到: /home/runner/work/nju_electric_monitor/nju_electric_monitor/src/../data/electricity_trend.png
2026-09-15 19:01:55,844 - INFO - 最近20次电量变化曲线图已保存到: /home/runner/work/nju_electric_monitor/nju_electric_monitor/src/../data/recent_20_changes.png
2026-09-15 19:01:55,844 - INFO - 当前剩余电量 111.53 度，高于告警阈值 15.0 度，不发送邮件
2026-09-15 19:01:55,844 - INFO - 监控流程完成
