Wrapper start: 2026-09-16T03:00:41.876242+08:00

=== ENVIRONMENT SUMMARY ===
Environment variable keys (count=130):
- ACCEPT_EULA
- ACTIONS_ORCHESTRATION_ID
- ACTIONS_RUNNER_ACTION_ARCHIVE_CACHE
- ACTIONS_RUNNER_RETURN_JOB_RESULT_FOR_HOSTED
- AGENT_TOOLSDIRECTORY
- ANDROID_HOME
- ANDROID_NDK
- ANDROID_NDK_HOME
- ANDROID_NDK_LATEST_HOME
- ANDROID_NDK_ROOT
NJU_USERNAME set: yes
NJU_PASSWORD set: yes

=== DISK USAGE (df -h) ===
Filesystem      Size  Used Avail Use% Mounted on
/dev/root       145G   61G   84G  43% /
tmpfs           7.9G   84K  7.9G   1% /dev/shm
tmpfs           3.2G  2.3M  3.2G   1% /run
tmpfs           5.0M     0  5.0M   0% /run/lock
efivarfs        128M   32K  128M   1% /sys/firmware/efi/efivars
/dev/sda16      881M   64M  756M   8% /boot
/dev/sda15      105M  6.2M   99M   6% /boot/efi
tmpfs           1.6G   12K  1.6G   1% /run/user/1001


=== KEY DIR SIZES ===
42M	/home/runner/work/nju_electric_monitor/nju_electric_monitor/src/../logs

452K	/home/runner/work/nju_electric_monitor/nju_electric_monitor/src/../data

101M	/home/runner/work/nju_electric_monitor/nju_electric_monitor/src/../models


=== CONFIG_WORKFLOW SUMMARY ===
{
  "username": "",
  "password": "",
  "auto_login": true,
  "headless_mode": true,
  "captcha_retry_count": 4,
  "save_captcha_images": true,
  "log_level": "INFO",
  "test_mode": false,
  "enable_email_alert": true,
  "alert_threshold_warn": 15,
  "alert_threshold_high": 10,
  "alert_threshold_critical": 5
}

=== FONT DIAGNOSTICS ===
Found system fonts (ttf) count: 53
- /usr/share/fonts/truetype/dejavu/DejaVuSerifCondensed-BoldItalic.ttf
- /usr/share/fonts/truetype/dejavu/DejaVuSerifCondensed-Italic.ttf
- /usr/share/fonts/truetype/lato/Lato-BoldItalic.ttf
- /usr/share/fonts/truetype/dejavu/DejaVuSerif.ttf
- /usr/share/fonts/truetype/liberation/LiberationSans-BoldItalic.ttf
- /usr/share/fonts/truetype/lato/Lato-Hairline.ttf
- /usr/share/fonts/truetype/liberation/LiberationMono-Italic.ttf
- /usr/share/fonts/truetype/lato/Lato-Thin.ttf
- /usr/share/fonts/truetype/dejavu/DejaVuSansMono-BoldOblique.ttf
- /usr/share/fonts/truetype/lato/Lato-ThinItalic.ttf
- /usr/share/fonts/truetype/liberation/LiberationSerif-Italic.ttf
- /usr/share/fonts/truetype/liberation/LiberationSerif-BoldItalic.ttf
- /usr/share/fonts/truetype/liberation/LiberationSans-Bold.ttf
- /usr/share/fonts/truetype/dejavu/DejaVuSansMono-Bold.ttf
- /usr/share/fonts/truetype/dejavu/DejaVuSerif-BoldItalic.ttf
- /usr/share/fonts/truetype/dejavu/DejaVuSans.ttf
- /usr/share/fonts/truetype/liberation/LiberationSerif-Bold.ttf
- /usr/share/fonts/truetype/lato/Lato-Heavy.ttf
- /usr/share/fonts/truetype/lato/Lato-HairlineItalic.ttf
- /usr/share/fonts/truetype/lato/Lato-MediumItalic.ttf
- /usr/share/fonts/truetype/lato/Lato-BlackItalic.ttf
- /usr/share/fonts/truetype/lato/Lato-Light.ttf
- /usr/share/fonts/truetype/dejavu/DejaVuSans-BoldOblique.ttf
- /usr/share/fonts/truetype/dejavu/DejaVuSans-Bold.ttf
- /usr/share/fonts/truetype/liberation/LiberationSans-Regular.ttf
- /usr/share/fonts/truetype/liberation/LiberationSans-Italic.ttf
- /usr/share/fonts/truetype/lato/Lato-Medium.ttf
- /usr/share/fonts/truetype/dejavu/DejaVuSansCondensed-Bold.ttf
- /usr/share/fonts/truetype/lato/Lato-Black.ttf
- /usr/share/fonts/truetype/liberation/LiberationSerif-Regular.ttf
- /usr/share/fonts/truetype/dejavu/DejaVuSerif-Bold.ttf
- /usr/share/fonts/truetype/dejavu/DejaVuSerif-Italic.ttf
- /usr/share/fonts/truetype/dejavu/DejaVuSans-Oblique.ttf
- /usr/share/fonts/truetype/lato/Lato-Semibold.ttf
- /usr/share/fonts/truetype/liberation/LiberationMono-Regular.ttf
- /usr/share/fonts/truetype/dejavu/DejaVuSans-ExtraLight.ttf
- /usr/share/fonts/truetype/dejavu/DejaVuMathTeXGyre.ttf
- /usr/share/fonts/truetype/lato/Lato-SemiboldItalic.ttf
- /usr/share/fonts/truetype/lato/Lato-LightItalic.ttf
- /usr/share/fonts/truetype/dejavu/DejaVuSansMono.ttf
- /usr/share/fonts/truetype/dejavu/DejaVuSansCondensed-Oblique.ttf
- /usr/share/fonts/truetype/noto/NotoColorEmoji.ttf
- /usr/share/fonts/truetype/dejavu/DejaVuSansMono-Oblique.ttf
- /usr/share/fonts/truetype/dejavu/DejaVuSerifCondensed.ttf
- /usr/share/fonts/truetype/lato/Lato-Regular.ttf
- /usr/share/fonts/truetype/lato/Lato-HeavyItalic.ttf
- /usr/share/fonts/truetype/liberation/LiberationMono-BoldItalic.ttf
- /usr/share/fonts/truetype/dejavu/DejaVuSerifCondensed-Bold.ttf
- /usr/share/fonts/truetype/dejavu/DejaVuSansCondensed-BoldOblique.ttf
- /usr/share/fonts/truetype/lato/Lato-Bold.ttf

FontManager samples (name -> path):
cmex10 -> /opt/hostedtoolcache/Python/3.11.16/x64/lib/python3.11/site-packages/matplotlib/mpl-data/fonts/ttf/cmex10.ttf
DejaVu Serif -> /opt/hostedtoolcache/Python/3.11.16/x64/lib/python3.11/site-packages/matplotlib/mpl-data/fonts/ttf/DejaVuSerif-BoldItalic.ttf
DejaVu Sans Mono -> /opt/hostedtoolcache/Python/3.11.16/x64/lib/python3.11/site-packages/matplotlib/mpl-data/fonts/ttf/DejaVuSansMono-BoldOblique.ttf
STIXGeneral -> /opt/hostedtoolcache/Python/3.11.16/x64/lib/python3.11/site-packages/matplotlib/mpl-data/fonts/ttf/STIXGeneralItalic.ttf
STIXSizeFourSym -> /opt/hostedtoolcache/Python/3.11.16/x64/lib/python3.11/site-packages/matplotlib/mpl-data/fonts/ttf/STIXSizFourSymReg.ttf
STIXSizeTwoSym -> /opt/hostedtoolcache/Python/3.11.16/x64/lib/python3.11/site-packages/matplotlib/mpl-data/fonts/ttf/STIXSizTwoSymReg.ttf
STIXSizeTwoSym -> /opt/hostedtoolcache/Python/3.11.16/x64/lib/python3.11/site-packages/matplotlib/mpl-data/fonts/ttf/STIXSizTwoSymBol.ttf
STIXGeneral -> /opt/hostedtoolcache/Python/3.11.16/x64/lib/python3.11/site-packages/matplotlib/mpl-data/fonts/ttf/STIXGeneral.ttf
cmss10 -> /opt/hostedtoolcache/Python/3.11.16/x64/lib/python3.11/site-packages/matplotlib/mpl-data/fonts/ttf/cmss10.ttf
STIXSizeFourSym -> /opt/hostedtoolcache/Python/3.11.16/x64/lib/python3.11/site-packages/matplotlib/mpl-data/fonts/ttf/STIXSizFourSymBol.ttf
DejaVu Serif -> /opt/hostedtoolcache/Python/3.11.16/x64/lib/python3.11/site-packages/matplotlib/mpl-data/fonts/ttf/DejaVuSerif.ttf
DejaVu Sans Display -> /opt/hostedtoolcache/Python/3.11.16/x64/lib/python3.11/site-packages/matplotlib/mpl-data/fonts/ttf/DejaVuSansDisplay.ttf
cmti10 -> /opt/hostedtoolcache/Python/3.11.16/x64/lib/python3.11/site-packages/matplotlib/mpl-data/fonts/ttf/cmti10.ttf
STIXGeneral -> /opt/hostedtoolcache/Python/3.11.16/x64/lib/python3.11/site-packages/matplotlib/mpl-data/fonts/ttf/STIXGeneralBolIta.ttf
DejaVu Sans Mono -> /opt/hostedtoolcache/Python/3.11.16/x64/lib/python3.11/site-packages/matplotlib/mpl-data/fonts/ttf/DejaVuSansMono-Oblique.ttf
STIXNonUnicode -> /opt/hostedtoolcache/Python/3.11.16/x64/lib/python3.11/site-packages/matplotlib/mpl-data/fonts/ttf/STIXNonUniIta.ttf
DejaVu Sans Mono -> /opt/hostedtoolcache/Python/3.11.16/x64/lib/python3.11/site-packages/matplotlib/mpl-data/fonts/ttf/DejaVuSansMono.ttf
STIXSizeFiveSym -> /opt/hostedtoolcache/Python/3.11.16/x64/lib/python3.11/site-packages/matplotlib/mpl-data/fonts/ttf/STIXSizFiveSymReg.ttf
STIXSizeThreeSym -> /opt/hostedtoolcache/Python/3.11.16/x64/lib/python3.11/site-packages/matplotlib/mpl-data/fonts/ttf/STIXSizThreeSymReg.ttf
DejaVu Sans -> /opt/hostedtoolcache/Python/3.11.16/x64/lib/python3.11/site-packages/matplotlib/mpl-data/fonts/ttf/DejaVuSans-Bold.ttf
DejaVu Sans -> /opt/hostedtoolcache/Python/3.11.16/x64/lib/python3.11/site-packages/matplotlib/mpl-data/fonts/ttf/DejaVuSans-Oblique.ttf
STIXSizeThreeSym -> /opt/hostedtoolcache/Python/3.11.16/x64/lib/python3.11/site-packages/matplotlib/mpl-data/fonts/ttf/STIXSizThreeSymBol.ttf
DejaVu Sans -> /opt/hostedtoolcache/Python/3.11.16/x64/lib/python3.11/site-packages/matplotlib/mpl-data/fonts/ttf/DejaVuSans-BoldOblique.ttf
DejaVu Serif -> /opt/hostedtoolcache/Python/3.11.16/x64/lib/python3.11/site-packages/matplotlib/mpl-data/fonts/ttf/DejaVuSerif-Italic.ttf
cmr10 -> /opt/hostedtoolcache/Python/3.11.16/x64/lib/python3.11/site-packages/matplotlib/mpl-data/fonts/ttf/cmr10.ttf
cmtt10 -> /opt/hostedtoolcache/Python/3.11.16/x64/lib/python3.11/site-packages/matplotlib/mpl-data/fonts/ttf/cmtt10.ttf
Last Resort High-Efficiency -> /opt/hostedtoolcache/Python/3.11.16/x64/lib/python3.11/site-packages/matplotlib/mpl-data/fonts/ttf/LastResortHE-Regular.ttf
DejaVu Sans -> /opt/hostedtoolcache/Python/3.11.16/x64/lib/python3.11/site-packages/matplotlib/mpl-data/fonts/ttf/DejaVuSans.ttf
cmsy10 -> /opt/hostedtoolcache/Python/3.11.16/x64/lib/python3.11/site-packages/matplotlib/mpl-data/fonts/ttf/cmsy10.ttf
STIXSizeOneSym -> /opt/hostedtoolcache/Python/3.11.16/x64/lib/python3.11/site-packages/matplotlib/mpl-data/fonts/ttf/STIXSizOneSymBol.ttf
cmmi10 -> /opt/hostedtoolcache/Python/3.11.16/x64/lib/python3.11/site-packages/matplotlib/mpl-data/fonts/ttf/cmmi10.ttf
DejaVu Serif -> /opt/hostedtoolcache/Python/3.11.16/x64/lib/python3.11/site-packages/matplotlib/mpl-data/fonts/ttf/DejaVuSerif-Bold.ttf
STIXNonUnicode -> /opt/hostedtoolcache/Python/3.11.16/x64/lib/python3.11/site-packages/matplotlib/mpl-data/fonts/ttf/STIXNonUni.ttf
STIXNonUnicode -> /opt/hostedtoolcache/Python/3.11.16/x64/lib/python3.11/site-packages/matplotlib/mpl-data/fonts/ttf/STIXNonUniBolIta.ttf
STIXNonUnicode -> /opt/hostedtoolcache/Python/3.11.16/x64/lib/python3.11/site-packages/matplotlib/mpl-data/fonts/ttf/STIXNonUniBol.ttf
STIXSizeOneSym -> /opt/hostedtoolcache/Python/3.11.16/x64/lib/python3.11/site-packages/matplotlib/mpl-data/fonts/ttf/STIXSizOneSymReg.ttf
DejaVu Serif Display -> /opt/hostedtoolcache/Python/3.11.16/x64/lib/python3.11/site-packages/matplotlib/mpl-data/fonts/ttf/DejaVuSerifDisplay.ttf
cmb10 -> /opt/hostedtoolcache/Python/3.11.16/x64/lib/python3.11/site-packages/matplotlib/mpl-data/fonts/ttf/cmb10.ttf
DejaVu Sans Mono -> /opt/hostedtoolcache/Python/3.11.16/x64/lib/python3.11/site-packages/matplotlib/mpl-data/fonts/ttf/DejaVuSansMono-Bold.ttf
STIXGeneral -> /opt/hostedtoolcache/Python/3.11.16/x64/lib/python3.11/site-packages/matplotlib/mpl-data/fonts/ttf/STIXGeneralBol.ttf
DejaVu Serif -> /usr/share/fonts/truetype/dejavu/DejaVuSerifCondensed-BoldItalic.ttf
DejaVu Serif Condensed -> /usr/share/fonts/truetype/dejavu/DejaVuSerifCondensed-BoldItalic.ttf
DejaVu Serif -> /usr/share/fonts/truetype/dejavu/DejaVuSerifCondensed-Italic.ttf
DejaVu Serif Condensed -> /usr/share/fonts/truetype/dejavu/DejaVuSerifCondensed-Italic.ttf
Lato -> /usr/share/fonts/truetype/lato/Lato-BoldItalic.ttf
DejaVu Serif -> /usr/share/fonts/truetype/dejavu/DejaVuSerif.ttf
Liberation Sans -> /usr/share/fonts/truetype/liberation/LiberationSans-BoldItalic.ttf
Lato -> /usr/share/fonts/truetype/lato/Lato-Hairline.ttf
Lato Hairline -> /usr/share/fonts/truetype/lato/Lato-Hairline.ttf
Liberation Mono -> /usr/share/fonts/truetype/liberation/LiberationMono-Italic.ttf

Preferred font find results:
findfont('Microsoft YaHei') failed: Failed to find font Microsoft YaHei:style=normal:variant=normal:weight=normal:stretch=normal:size=10.0, and fallback to the default font was disabled
findfont('Segoe UI') failed: Failed to find font Segoe UI:style=normal:variant=normal:weight=normal:stretch=normal:size=10.0, and fallback to the default font was disabled
findfont('Arial Unicode MS') failed: Failed to find font Arial Unicode MS:style=normal:variant=normal:weight=normal:stretch=normal:size=10.0, and fallback to the default font was disabled
findfont('Noto Sans CJK SC') failed: Failed to find font Noto Sans CJK SC:style=normal:variant=normal:weight=normal:stretch=normal:size=10.0, and fallback to the default font was disabled
findfont('WenQuanYi Micro Hei') failed: Failed to find font WenQuanYi Micro Hei:style=normal:variant=normal:weight=normal:stretch=normal:size=10.0, and fallback to the default font was disabled
findfont('WenQuanYi Zen Hei') failed: Failed to find font WenQuanYi Zen Hei:style=normal:variant=normal:weight=normal:stretch=normal:size=10.0, and fallback to the default font was disabled
findfont('DejaVu Sans') -> /opt/hostedtoolcache/Python/3.11.16/x64/lib/python3.11/site-packages/matplotlib/mpl-data/fonts/ttf/DejaVuSans.ttf

fc-list output sample (truncated to 10000 chars):
Liberation Mono - /usr/share/fonts/truetype/liberation/LiberationMono-Bold.ttf
Liberation Serif - /usr/share/fonts/truetype/liberation/LiberationSerif-BoldItalic.ttf
Lato,Lato Hairline - /usr/share/fonts/truetype/lato/Lato-Hairline.ttf
Lato,Lato Heavy - /usr/share/fonts/truetype/lato/Lato-Heavy.ttf
DejaVu Serif,DejaVu Serif Condensed - /usr/share/fonts/truetype/dejavu/DejaVuSerifCondensed-Italic.ttf
Lato,Lato Medium - /usr/share/fonts/truetype/lato/Lato-Medium.ttf
Lato,Lato Light - /usr/share/fonts/truetype/lato/Lato-LightItalic.ttf
DejaVu Serif - /usr/share/fonts/truetype/dejavu/DejaVuSerif-Bold.ttf
DejaVu Math TeX Gyre - /usr/share/fonts/truetype/dejavu/DejaVuMathTeXGyre.ttf
Liberation Sans - /usr/share/fonts/truetype/liberation/LiberationSans-Regular.ttf
Lato - /usr/share/fonts/truetype/lato/Lato-Italic.ttf
Liberation Sans - /usr/share/fonts/truetype/liberation/LiberationSans-Bold.ttf
Liberation Mono - /usr/share/fonts/truetype/liberation/LiberationMono-Italic.ttf
DejaVu Sans,DejaVu Sans Condensed - /usr/share/fonts/truetype/dejavu/DejaVuSansCondensed.ttf
DejaVu Serif,DejaVu Serif Condensed - /usr/share/fonts/truetype/dejavu/DejaVuSerifCondensed.ttf
Liberation Serif - /usr/share/fonts/truetype/liberation/LiberationSerif-Italic.ttf
Lato,Lato Heavy - /usr/share/fonts/truetype/lato/Lato-HeavyItalic.ttf
Lato - /usr/share/fonts/truetype/lato/Lato-BoldItalic.ttf
Lato,Lato Medium - /usr/share/fonts/truetype/lato/Lato-MediumItalic.ttf
DejaVu Serif - /usr/share/fonts/truetype/dejavu/DejaVuSerif-Italic.ttf
DejaVu Sans - /usr/share/fonts/truetype/dejavu/DejaVuSans.ttf
Lato,Lato Semibold - /usr/share/fonts/truetype/lato/Lato-SemiboldItalic.ttf
Lato,Lato Thin - /usr/share/fonts/truetype/lato/Lato-ThinItalic.ttf
DejaVu Sans,DejaVu Sans Condensed - /usr/share/fonts/truetype/dejavu/DejaVuSansCondensed-BoldOblique.ttf
Liberation Sans - /usr/share/fonts/truetype/liberation/LiberationSans-Italic.ttf
Lato,Lato Black - /usr/share/fonts/truetype/lato/Lato-BlackItalic.ttf
Lato,Lato Thin - /usr/share/fonts/truetype/lato/Lato-Thin.ttf
DejaVu Sans,DejaVu Sans Condensed - /usr/share/fonts/truetype/dejavu/DejaVuSansCondensed-Oblique.ttf
Lato,Lato Light - /usr/share/fonts/truetype/lato/Lato-Light.ttf
DejaVu Sans,DejaVu Sans Condensed - /usr/share/fonts/truetype/dejavu/DejaVuSansCondensed-Bold.ttf
DejaVu Sans Mono - /usr/share/fonts/truetype/dejavu/DejaVuSansMono-Oblique.ttf
Lato,Lato Hairline - /usr/share/fonts/truetype/lato/Lato-HairlineItalic.ttf
Lato,Lato Black - /usr/share/fonts/truetype/lato/Lato-Black.ttf
Lato - /usr/share/fonts/truetype/lato/Lato-Regular.ttf
DejaVu Sans - /usr/share/fonts/truetype/dejavu/DejaVuSans-BoldOblique.ttf
Liberation Mono - /usr/share/fonts/truetype/liberation/LiberationMono-BoldItalic.ttf
Liberation Mono - /usr/share/fonts/truetype/liberation/LiberationMono-Regular.ttf
DejaVu Sans,DejaVu Sans Light - /usr/share/fonts/truetype/dejavu/DejaVuSans-ExtraLight.ttf
DejaVu Serif - /usr/share/fonts/truetype/dejavu/DejaVuSerif.ttf
Lato - /usr/share/fonts/truetype/lato/Lato-Bold.ttf
DejaVu Sans Mono - /usr/share/fonts/truetype/dejavu/DejaVuSansMono-Bold.ttf
DejaVu Serif - /usr/share/fonts/truetype/dejavu/DejaVuSerif-BoldItalic.ttf
DejaVu Sans Mono - /usr/share/fonts/truetype/dejavu/DejaVuSansMono.ttf
Noto Color Emoji - /usr/share/fonts/truetype/noto/NotoColorEmoji.ttf
DejaVu Sans Mono - /usr/share/fonts/truetype/dejavu/DejaVuSansMono-BoldOblique.ttf
Liberation Sans - /usr/share/fonts/truetype/liberation/LiberationSans-BoldItalic.ttf
Liberation Serif - /usr/share/fonts/truetype/liberation/LiberationSerif-Regular.ttf
Lato,Lato Semibold - /usr/share/fonts/truetype/lato/Lato-Semibold.ttf
DejaVu Sans - /usr/share/fonts/truetype/dejavu/DejaVuSans-Oblique.ttf
DejaVu Serif,DejaVu Serif Condensed - /usr/share/fonts/truetype/dejavu/DejaVuSerifCondensed-Bold.ttf
DejaVu Sans - /usr/share/fonts/truetype/dejavu/DejaVuSans-Bold.ttf
Liberation Serif - /usr/share/fonts/truetype/liberation/LiberationSerif-Bold.ttf
DejaVu Serif,DejaVu Serif Condensed - /usr/share/fonts/truetype/dejavu/DejaVuSerifCondensed-BoldItalic.ttf

Running workflow script: /home/runner/work/nju_electric_monitor/nju_electric_monitor/src/nju_electric_monitor_workflow.py
[0;93m2026-09-15 19:00:42.532970168 [W:onnxruntime:Default, device_discovery.cc:146 GetPciBusId] Skipping pci_bus_id for PCI path at "/sys/devices/LNXSYSTM:00/LNXSYBUS:00/ACPI0004:00/MSFT1000:00/5620e0c7-8062-4dce-aeb7-520c7ef76171" because filename "5620e0c7-8062-4dce-aeb7-520c7ef76171" did not match expected pattern of [0-9a-f]+:[0-9a-f]+:[0-9a-f]+[.][0-9a-f]+[m
2026-09-15 19:00:43,142 - WARNING - findfont: Font family ['Noto Sans CJK SC'] not found. Falling back to DejaVu Sans.
2026-09-15 19:00:43,142 - INFO - Matplotlib 字体设置：使用回退字体列表，首选可用字体: Noto Sans CJK SC
2026-09-15 19:01:13,177 - WARNING - 使用指定 ChromeDriver 失败 (/usr/bin/chromedriver): Message: Can not connect to the Service /usr/bin/chromedriver
，尝试使用 Selenium Manager 自动管理驱动
2026-09-15 19:01:15,235 - INFO - 已切换为 Selenium Manager 自动管理的 ChromeDriver
2026-09-15 19:01:15,340 - INFO - ddddocr 识别器初始化成功
2026-09-15 19:01:15,451 - INFO - captcha-recognizer 滑块识别模型初始化成功
2026-09-15 19:01:15,451 - INFO - 开始南京大学电费监控流程（自动无头模式）
2026-09-15 19:01:15,452 - INFO - 已初始化并清空验证码图片目录: /home/runner/work/nju_electric_monitor/nju_electric_monitor/src/../data/captcha_workflow
2026-09-15 19:01:15,452 - INFO - 正在打开页面: https://epay.nju.edu.cn/epay/h5/nju/electric/index
2026-09-15 19:01:23,427 - INFO - 等待登录表单加载...
2026-09-15 19:01:23,849 - INFO - 登录表单已加载
2026-09-15 19:01:23,849 - INFO - 开始填写登录表单...
2026-09-15 19:01:23,934 - INFO - 用户名填写完成
2026-09-15 19:01:23,994 - INFO - 密码填写完成
2026-09-15 19:01:24,028 - INFO - 未检测到任何验证方式
2026-09-15 19:01:24,028 - INFO - 登录前验证方式检测: none
2026-09-15 19:01:24,028 - INFO - 未检测到传统验证码，点击登录按钮...
2026-09-15 19:01:24,028 - INFO - 查找并点击登录按钮...
2026-09-15 19:01:24,046 - INFO - 通过 ID=login_submit 找到登录按钮
2026-09-15 19:01:24,091 - INFO - 已点击登录按钮
2026-09-15 19:01:31,115 - INFO - 检测到滑块验证（sliderDiv）
2026-09-15 19:01:31,115 - INFO - 登录后验证方式检测: slider
2026-09-15 19:01:31,115 - INFO - 开始处理滑块验证...
2026-09-15 19:01:32,625 - INFO - 滑块验证第 1/3 轮尝试
2026-09-15 19:01:32,963 - INFO - 滑块缺口 box=[92,12,137,50], confidence=0.956, 截图=278px, DOM=278px, 缩放=1.00x, 拖拽偏移=92px
2026-09-15 19:01:32,963 - INFO - 滑块拖拽尝试 1/2 (偏移=92px)
2026-09-15 19:01:50,542 - INFO - 滑块验证通过（sliderDiv 元素不存在）
2026-09-15 19:01:50,542 - INFO - 滑块验证第 1 轮成功
2026-09-15 19:01:50,542 - INFO - 等待登录成功...
2026-09-15 19:01:50,551 - INFO - 检测到已跳转到电费页面: https://epay.nju.edu.cn/epay/h5/nju/electric/index
2026-09-15 19:01:50,551 - INFO - 查找'去充值'按钮...
2026-09-15 19:01:50,570 - INFO - 通过文本包含 '去充值' 找到充值按钮
2026-09-15 19:01:52,257 - INFO - 已点击充值按钮
2026-09-15 19:01:55,257 - INFO - 开始提取剩余电量信息...
2026-09-15 19:01:55,273 - INFO - 找到电量信息元素（已省略具体文本以保护隐私）
2026-09-15 19:01:55,273 - WARNING - 未在元素中找到标准格式的电量信息
2026-09-15 19:01:55,283 - INFO - 找到 i 标签中的电量信息（已省略具体文本）
2026-09-15 19:01:55,283 - WARNING - i标签中未找到标准格式的电量信息
2026-09-15 19:01:55,283 - WARNING - 未找到i标签中的电量信息
2026-09-15 19:01:55,286 - INFO - 在页面源码中查找电量信息...
2026-09-15 19:01:55,286 - INFO - 从页面源码中提取到剩余电量: 111.53 度
2026-09-15 19:01:55,303 - INFO - 数据已保存: 111.53 度
2026-09-15 19:01:55,332 - WARNING - findfont: Font family 'Noto Sans CJK SC' not found.
2026-09-15 19:01:55,332 - WARNING - findfont: Font family 'Noto Sans CJK SC' not found.
2026-09-15 19:01:55,348 - WARNING - findfont: Font family 'Noto Sans CJK SC' not found.
2026-09-15 19:01:55,348 - WARNING - findfont: Font family 'Noto Sans CJK SC' not found.
2026-09-15 19:01:55,353 - WARNING - findfont: Font family 'Noto Sans CJK SC' not found.
2026-09-15 19:01:55,354 - WARNING - findfont: Font family 'Noto Sans CJK SC' not found.
2026-09-15 19:01:55,355 - WARNING - findfont: Font family 'Noto Sans CJK SC' not found.
2026-09-15 19:01:55,357 - WARNING - findfont: Font family 'Noto Sans CJK SC' not found.
2026-09-15 19:01:55,364 - WARNING - findfont: Font family 'Noto Sans CJK SC' not found.
2026-09-15 19:01:55,368 - WARNING - findfont: Font family 'Noto Sans CJK SC' not found.
2026-09-15 19:01:55,372 - WARNING - findfont: Font family 'Noto Sans CJK SC' not found.
2026-09-15 19:01:55,372 - WARNING - findfont: Font family 'Noto Sans CJK SC' not found.
2026-09-15 19:01:55,373 - WARNING - findfont: Font family 'Noto Sans CJK SC' not found.
2026-09-15 19:01:55,379 - WARNING - findfont: Font family 'Noto Sans CJK SC' not found.
2026-09-15 19:01:55,379 - WARNING - findfont: Font family 'Noto Sans CJK SC' not found.
2026-09-15 19:01:55,387 - WARNING - findfont: Font family 'Noto Sans CJK SC' not found.
2026-09-15 19:01:55,393 - WARNING - findfont: Font family 'Noto Sans CJK SC' not found.
2026-09-15 19:01:55,394 - WARNING - findfont: Font family 'Noto Sans CJK SC' not found.
2026-09-15 19:01:55,399 - WARNING - findfont: Font family 'Noto Sans CJK SC' not found.
2026-09-15 19:01:55,403 - WARNING - findfont: Font family 'Noto Sans CJK SC' not found.
2026-09-15 19:01:55,406 - WARNING - findfont: Font family 'Noto Sans CJK SC' not found.
2026-09-15 19:01:55,407 - WARNING - findfont: Font family 'Noto Sans CJK SC' not found.
2026-09-15 19:01:55,407 - WARNING - findfont: Font family 'Noto Sans CJK SC' not found.
2026-09-15 19:01:55,416 - WARNING - findfont: Font family 'Noto Sans CJK SC' not found.
2026-09-15 19:01:55,416 - WARNING - findfont: Font family 'Noto Sans CJK SC' not found.
2026-09-15 19:01:55,418 - WARNING - findfont: Font family 'Noto Sans CJK SC' not found.
2026-09-15 19:01:55,418 - WARNING - findfont: Font family 'Noto Sans CJK SC' not found.
2026-09-15 19:01:55,444 - WARNING - findfont: Font family 'Noto Sans CJK SC' not found.
2026-09-15 19:01:55,444 - WARNING - findfont: Font family 'Noto Sans CJK SC' not found.
2026-09-15 19:01:55,445 - WARNING - findfont: Font family 'Noto Sans CJK SC' not found.
2026-09-15 19:01:55,457 - WARNING - findfont: Font family 'Noto Sans CJK SC' not found.
2026-09-15 19:01:55,458 - WARNING - findfont: Font family 'Noto Sans CJK SC' not found.
2026-09-15 19:01:55,465 - WARNING - findfont: Font family 'Noto Sans CJK SC' not found.
2026-09-15 19:01:55,465 - WARNING - findfont: Font family 'Noto Sans CJK SC' not found.
2026-09-15 19:01:55,535 - WARNING - findfont: Font family 'Noto Sans CJK SC' not found.
2026-09-15 19:01:55,535 - WARNING - findfont: Font family 'Noto Sans CJK SC' not found.
2026-09-15 19:01:55,536 - WARNING - findfont: Font family 'Noto Sans CJK SC' not found.
2026-09-15 19:01:55,537 - WARNING - findfont: Font family 'Noto Sans CJK SC' not found.
2026-09-15 19:01:55,562 - WARNING - findfont: Font family 'Noto Sans CJK SC' not found.
2026-09-15 19:01:55,562 - WARNING - findfont: Font family 'Noto Sans CJK SC' not found.
2026-09-15 19:01:55,563 - WARNING - findfont: Font family 'Noto Sans CJK SC' not found.
2026-09-15 19:01:55,576 - WARNING - findfont: Font family 'Noto Sans CJK SC' not found.
2026-09-15 19:01:55,576 - WARNING - findfont: Font family 'Noto Sans CJK SC' not found.
2026-09-15 19:01:55,583 - WARNING - findfont: Font family 'Noto Sans CJK SC' not found.
2026-09-15 19:01:55,584 - WARNING - findfont: Font family 'Noto Sans CJK SC' not found.
2026-09-15 19:01:55,586 - INFO - 电量变化曲线图已保存到: /home/runner/work/nju_electric_monitor/nju_electric_monitor/src/../data/electricity_trend.png
2026-09-15 19:01:55,844 - INFO - 最近20次电量变化曲线图已保存到: /home/runner/work/nju_electric_monitor/nju_electric_monitor/src/../data/recent_20_changes.png
2026-09-15 19:01:55,844 - INFO - 当前剩余电量 111.53 度，高于告警阈值 15.0 度，不发送邮件
2026-09-15 19:01:55,844 - INFO - 监控流程完成
Wrapper end: 2026-09-16T03:01:56.024171+08:00
